To honour the JVM settings for this build a single-use Daemon process will be forked. For more on this, please refer to https://docs.gradle.org/9.2.0/userguide/gradle_daemon.html#sec:disabling_the_daemon in the Gradle documentation.
Daemon will be stopped at the end of the build 
> Task :credentials:credential-api:checkKotlinGradlePluginConfigurationErrors SKIPPED
> Task :kms:kms-core:checkKotlinGradlePluginConfigurationErrors SKIPPED
> Task :credentials:credential-core:checkKotlinGradlePluginConfigurationErrors SKIPPED
> Task :wallet:wallet-core:checkKotlinGradlePluginConfigurationErrors SKIPPED
> Task :did:did-core:checkKotlinGradlePluginConfigurationErrors SKIPPED
> Task :contract:checkKotlinGradlePluginConfigurationErrors SKIPPED
> Task :trust:checkKotlinGradlePluginConfigurationErrors SKIPPED
> Task :common:checkKotlinGradlePluginConfigurationErrors SKIPPED
> Task :credentials:plugins:status-list:database:checkKotlinGradlePluginConfigurationErrors SKIPPED
> Task :anchors:anchor-core:checkKotlinGradlePluginConfigurationErrors SKIPPED
> Task :testkit:checkKotlinGradlePluginConfigurationErrors SKIPPED
> Task :credentials:credential-api:processResources NO-SOURCE
> Task :wallet:wallet-core:processResources NO-SOURCE
> Task :credentials:credential-core:processResources NO-SOURCE
> Task :anchors:anchor-core:processResources NO-SOURCE
> Task :credentials:plugins:status-list:database:processResources NO-SOURCE
> Task :contract:processResources NO-SOURCE
> Task :kms:kms-core:processResources NO-SOURCE
> Task :trust:processResources NO-SOURCE
> Task :testkit:processResources NO-SOURCE
> Task :did:did-core:processResources UP-TO-DATE
> Task :common:compileKotlin UP-TO-DATE
> Task :common:compileJava NO-SOURCE
> Task :common:processResources NO-SOURCE
> Task :common:classes UP-TO-DATE
> Task :common:jar UP-TO-DATE
> Task :anchors:anchor-core:compileKotlin UP-TO-DATE
> Task :kms:kms-core:compileKotlin UP-TO-DATE
> Task :anchors:anchor-core:compileJava NO-SOURCE
> Task :anchors:anchor-core:classes UP-TO-DATE
> Task :kms:kms-core:compileJava NO-SOURCE
> Task :kms:kms-core:classes UP-TO-DATE
> Task :anchors:anchor-core:jar UP-TO-DATE
> Task :kms:kms-core:jar UP-TO-DATE
> Task :did:did-core:compileKotlin UP-TO-DATE
> Task :did:did-core:compileJava NO-SOURCE
> Task :did:did-core:classes UP-TO-DATE
> Task :did:did-core:jar UP-TO-DATE
> Task :credentials:credential-api:compileKotlin UP-TO-DATE
> Task :credentials:credential-api:compileJava NO-SOURCE
> Task :credentials:credential-api:classes UP-TO-DATE
> Task :credentials:credential-api:jar UP-TO-DATE
> Task :wallet:wallet-core:compileKotlin UP-TO-DATE
> Task :wallet:wallet-core:compileJava NO-SOURCE
> Task :wallet:wallet-core:classes UP-TO-DATE
> Task :wallet:wallet-core:jar UP-TO-DATE
> Task :credentials:plugins:status-list:database:compileKotlin UP-TO-DATE
> Task :credentials:plugins:status-list:database:compileJava NO-SOURCE
> Task :credentials:plugins:status-list:database:classes UP-TO-DATE
> Task :contract:compileKotlin UP-TO-DATE
> Task :credentials:credential-core:compileKotlin UP-TO-DATE
> Task :contract:compileJava NO-SOURCE
> Task :contract:classes UP-TO-DATE
> Task :credentials:plugins:status-list:database:jar UP-TO-DATE
> Task :credentials:credential-core:compileJava NO-SOURCE
> Task :credentials:credential-core:classes UP-TO-DATE
> Task :contract:jar UP-TO-DATE
> Task :credentials:credential-core:jar UP-TO-DATE
> Task :trust:compileKotlin UP-TO-DATE
> Task :trust:compileJava NO-SOURCE
> Task :trust:classes UP-TO-DATE
> Task :trust:jar UP-TO-DATE
> Task :testkit:compileKotlin UP-TO-DATE
> Task :testkit:compileJava NO-SOURCE
> Task :testkit:classes UP-TO-DATE
> Task :testkit:jar UP-TO-DATE

> Task :trust:compileTestKotlin
.\gradlew.bat : e: file:///C:/Users/steph/work/trustweave/trust/src/test/kotlin
/com/trustweave/integration/InMemoryTrustLayerIntegrationTest.kt:112:13 
Conflicting declarations:
At line:1 char:36
+ ... trustweave; .\gradlew.bat :trust:compileTestKotlin --no-daemon 2>&1 | ...
+                 ~~~~~~~~~~~~~~~~~~~~~~~~~~~~~~~~~~~~~~~~~~~~~~~~~~~~~~~
    + CategoryInfo          : NotSpecified: (e: file:///C:/U...g declarations: 
   :String) [], RemoteException
    + FullyQualifiedErrorId : NativeCommandError
 
local val trustWeave: TrustWeave
local val trustWeave: TrustWeave
e: file:///C:/Users/steph/work/trustweave/trust/src/test/kotlin/com/trustweave/
integration/InMemoryTrustLayerIntegrationTest.kt:138:13 Conflicting 
declarations:
local val trustWeave: TrustWeave
local val trustWeave: TrustWeave

> Task :trust:compileTestKotlin FAILED

[Incubating] Problems report is available at: file:///C:/Users/steph/work/trustweave/build/reports/problems/problems-report.html

FAILURE: Build failed with an exception.

* What went wrong:
Execution failed for task ':trust:compileTestKotlin'.
> A failure occurred while executing org.jetbrains.kotlin.compilerRunner.Gradle
CompilerRunnerWithWorkers$GradleKotlinCompilerWorkAction
   > Compilation error. See log for more details

* Try:
> Run with --stacktrace option to get the stack trace.
> Run with --info or --debug option to get more log output.
> Run with --scan to generate a Build Scan (powered by Develocity).
> Get more help at https://help.gradle.org.


Deprecated Gradle features were used in this build, making it incompatible with Gradle 10.

BUILD FAILED in 32s
You can use '--warning-mode all' to show the individual deprecation warnings and determine if they come from your own scripts or plugins.

For more on this, please refer to https://docs.gradle.org/9.2.0/userguide/command_line_interface.html#sec:command_line_warnings in the Gradle documentation.
24 actionable tasks: 1 executed, 23 up-to-date
