To honour the JVM settings for this build a single-use Daemon process will be forked. For more on this, please refer to https://docs.gradle.org/9.2.0/userguide/gradle_daemon.html#sec:disabling_the_daemon in the Gradle documentation.
Daemon will be stopped at the end of the build 
> Task :common:checkKotlinGradlePluginConfigurationErrors SKIPPED
> Task :trust:checkKotlinGradlePluginConfigurationErrors SKIPPED
> Task :contract:checkKotlinGradlePluginConfigurationErrors SKIPPED
> Task :kms:kms-core:checkKotlinGradlePluginConfigurationErrors SKIPPED
> Task :testkit:checkKotlinGradlePluginConfigurationErrors SKIPPED
> Task :anchors:anchor-core:checkKotlinGradlePluginConfigurationErrors SKIPPED
> Task :wallet:wallet-core:checkKotlinGradlePluginConfigurationErrors SKIPPED
> Task :credentials:credential-core:checkKotlinGradlePluginConfigurationErrors SKIPPED
> Task :credentials:plugins:status-list:database:checkKotlinGradlePluginConfigurationErrors SKIPPED
> Task :did:did-core:checkKotlinGradlePluginConfigurationErrors SKIPPED
> Task :credentials:credential-api:checkKotlinGradlePluginConfigurationErrors SKIPPED
> Task :wallet:wallet-core:processResources NO-SOURCE
> Task :credentials:credential-core:processResources NO-SOURCE
> Task :anchors:anchor-core:processResources NO-SOURCE
> Task :testkit:processResources NO-SOURCE
> Task :contract:processResources NO-SOURCE
> Task :trust:processResources NO-SOURCE
> Task :credentials:plugins:status-list:database:processResources NO-SOURCE
> Task :kms:kms-core:processResources NO-SOURCE
> Task :credentials:credential-api:processResources NO-SOURCE
> Task :trust:processTestResources NO-SOURCE
> Task :did:did-core:processResources UP-TO-DATE
> Task :common:compileKotlin UP-TO-DATE
> Task :common:compileJava NO-SOURCE
> Task :common:processResources NO-SOURCE
> Task :common:classes UP-TO-DATE
> Task :common:jar UP-TO-DATE
> Task :anchors:anchor-core:compileKotlin UP-TO-DATE
> Task :kms:kms-core:compileKotlin UP-TO-DATE
> Task :anchors:anchor-core:compileJava NO-SOURCE
> Task :kms:kms-core:compileJava NO-SOURCE
> Task :anchors:anchor-core:classes UP-TO-DATE
> Task :kms:kms-core:classes UP-TO-DATE
> Task :anchors:anchor-core:jar UP-TO-DATE
> Task :kms:kms-core:jar UP-TO-DATE
> Task :did:did-core:compileKotlin UP-TO-DATE
> Task :did:did-core:compileJava NO-SOURCE
> Task :did:did-core:classes UP-TO-DATE
> Task :did:did-core:jar UP-TO-DATE
> Task :credentials:credential-api:compileKotlin UP-TO-DATE
> Task :credentials:credential-api:compileJava NO-SOURCE
> Task :credentials:credential-api:classes UP-TO-DATE
> Task :credentials:credential-api:jar UP-TO-DATE
> Task :wallet:wallet-core:compileKotlin UP-TO-DATE
> Task :wallet:wallet-core:compileJava NO-SOURCE
> Task :wallet:wallet-core:classes UP-TO-DATE
> Task :credentials:plugins:status-list:database:compileKotlin UP-TO-DATE
> Task :wallet:wallet-core:jar UP-TO-DATE
> Task :credentials:plugins:status-list:database:compileJava NO-SOURCE
> Task :credentials:plugins:status-list:database:classes UP-TO-DATE
> Task :contract:compileKotlin UP-TO-DATE
> Task :contract:compileJava NO-SOURCE
> Task :credentials:plugins:status-list:database:jar UP-TO-DATE
> Task :contract:classes UP-TO-DATE
> Task :credentials:credential-core:compileKotlin UP-TO-DATE
> Task :contract:jar UP-TO-DATE
> Task :credentials:credential-core:compileJava NO-SOURCE
> Task :credentials:credential-core:classes UP-TO-DATE
> Task :credentials:credential-core:jar UP-TO-DATE
> Task :trust:compileKotlin UP-TO-DATE
> Task :trust:compileJava NO-SOURCE
> Task :trust:classes UP-TO-DATE
> Task :trust:jar UP-TO-DATE
> Task :testkit:compileKotlin UP-TO-DATE
> Task :testkit:compileJava NO-SOURCE
> Task :testkit:classes UP-TO-DATE
> Task :testkit:jar UP-TO-DATE
> Task :trust:compileTestKotlin UP-TO-DATE
> Task :trust:compileTestJava NO-SOURCE
> Task :trust:testClasses UP-TO-DATE

> Task :trust:test

InMemoryTrustLayerIntegrationTest > test complete in-memory workflow template() FAILED
    java.lang.NoSuchMethodError at IssuanceBuilder.kt:257
        Caused by: java.lang.NoSuchMethodError at IssuanceBuilder.kt:257
.\gradlew.bat : 
At line:1 char:36
+ ... trustweave; .\gradlew.bat :trust:test --tests "*InMemoryTrustLayerInt ...
+                 ~~~~~~~~~~~~~~~~~~~~~~~~~~~~~~~~~~~~~~~~~~~~~~~~~~~~~~~~~
    + CategoryInfo          : NotSpecified: (:String) [], RemoteException
    + FullyQualifiedErrorId : NativeCommandError
 
1 test completed, 1 failed

> Task :trust:test FAILED

[Incubating] Problems report is available at: file:///C:/Users/steph/work/trustweave/build/reports/problems/problems-report.html

FAILURE: Build failed with an exception.

* What went wrong:
Execution failed for task ':trust:test'.
> There were failing tests. See the report at: file:///C:/Users/steph/work/trus
tweave/build/trust/reports/tests/test/index.html

* Try:
> Run with --scan to generate a Build Scan (powered by Develocity).

Deprecated Gradle features were used in this build, making it incompatible with Gradle 10.

You can use '--warning-mode all' to show the individual deprecation warnings and determine if they come from your own scripts or plugins.

For more on this, please refer to https://docs.gradle.org/9.2.0/userguide/command_line_interface.html#sec:command_line_warnings in the Gradle documentation.

BUILD FAILED in 29s
25 actionable tasks: 1 executed, 24 up-to-date
